
> game-app@0.1.0 build
> prisma generate && next build

Loaded Prisma config from prisma.config.ts.

Prisma schema loaded from prisma\schema.prisma.

✔ Generated Prisma Client (v7.8.0) to .\node_modules\@prisma\client in 179ms

Start by importing your Prisma Client (See: https://pris.ly/d/importing-client)


▲ Next.js 16.2.4 (Turbopack)
- Environments: .env

  Creating an optimized production build ...
✓ Compiled successfully in 4.4s
  Running TypeScript ...
  Finished TypeScript in 7.1s ...
  Collecting page data using 11 workers ...
  Generating static pages using 11 workers (0/10) ...
  Generating static pages using 11 workers (2/10) 
  Generating static pages using 11 workers (4/10) 
  Generating static pages using 11 workers (7/10) 
✓ Generating static pages using 11 workers (10/10) in 491ms
  Finalizing page optimization ...

Route (app)
┌ ƒ /
├ ○ /_not-found
├ ƒ /admin/reports
├ ƒ /api/auth/[...nextauth]
├ ƒ /api/games
├ ƒ /api/report
├ ƒ /api/tasks
├ ƒ /api/tasks/reset
└ ƒ /report


○  (Static)   prerendered as static content
ƒ  (Dynamic)  server-rendered on demand

